Depth  Name                                 #Inst  Area (um^2) 
---------------------------------------------------------------
0      core_top_pads                        32983  2056434.2656
1      pad_out18                            5      21078.0032  
1      pad_out9                             5      21078.0032  
1      pad_out21                            5      21078.0032  
1      pad_out12                            5      21078.0032  
1      pad_out0                             5      21078.0032  
1      pad_out3                             5      21078.0032  
1      pad_out6                             5      21078.0032  
1      pad_out16                            5      21078.0032  
1      pad_out19                            5      21078.0032  
1      pad_out10                            5      21078.0032  
1      pad_out22                            5      21078.0032  
1      pad_out13                            5      21078.0032  
1      pad_out1                             5      21078.0032  
1      pad_out4                             5      21078.0032  
1      pad_out7                             5      21078.0032  
1      pad_out17                            5      21078.0032  
1      pad_out20                            5      21078.0032  
1      pad_out11                            5      21078.0032  
1      core_dut                             32828  598543.232  
1      pad_out14                            5      21078.0032  
1      pad_out2                             5      21078.0032  
1      pad_out5                             5      21078.0032  
1      pad_out15                            5      21078.0032  
1      pad_out8                             5      21078.0032  
2      core_dut/_InstructionFetch           160    3630.8608   
2      core_dut/_RegisterWriteBack          51     559.776     
2      core_dut/_Execute                    1239   19150.9248  
2      core_dut/_RegisterFile               4290   68027.0528  
2      core_dut/_btb                        26844  500507.7952 
2      core_dut/_MemoryAccess               66     2324.7168   
2      core_dut/_InstructionDecode          72     3180.8448   
3      core_dut/_Execute/add_96             100    1472.9792   
3      core_dut/_btb/W2                     6585   123297.7984 
3      core_dut/_Execute/r353               37     608.0704    
3      core_dut/_btb/W3                     6573   123166.0864 
3      core_dut/_btb/W0                     6580   123242.9184 
3      core_dut/_btb/W1                     6567   123100.2304 
3      core_dut/_Execute/add_101            62     972.4736    
3      core_dut/_Execute/r355               92     1110.7712   
3      core_dut/_btb/add_103                37     608.0704    
3      core_dut/_Execute/r354               93     1435.6608   
3      core_dut/_InstructionFetch/add_30    37     608.0704    
3      core_dut/_Execute/add_117            100    1472.9792   
3      core_dut/_Execute/r342               105    1508.1024   
4      core_dut/_btb/W3/L28                 123    2917.4208   
4      core_dut/_btb/W0/L10                 124    2928.3968   
4      core_dut/_btb/W2/L24                 123    2917.4208   
4      core_dut/_btb/W0/L17                 123    2917.4208   
4      core_dut/_btb/W3/L8                  123    2917.4208   
4      core_dut/_btb/W0/L6                  124    2928.3968   
4      core_dut/_btb/W2/L4                  125    2939.3728   
4      core_dut/_btb/W2/L25                 123    2917.4208   
4      core_dut/_btb/W3/L25                 126    2950.3488   
4      core_dut/_btb/W2/L14                 123    2917.4208   
4      core_dut/_btb/W1/L21                 124    2928.3968   
4      core_dut/_btb/W1/L10                 123    2917.4208   
4      core_dut/_btb/W3/L14                 123    2917.4208   
4      core_dut/_btb/W0/L7                  125    2939.3728   
4      core_dut/_btb/W1/L31                 123    2917.4208   
4      core_dut/_btb/W0/L27                 125    2939.3728   
4      core_dut/_btb/W2/L31                 124    2928.3968   
4      core_dut/_btb/W0/L24                 123    2917.4208   
4      core_dut/_btb/W3/L19                 123    2917.4208   
4      core_dut/_btb/W1/L7                  123    2917.4208   
4      core_dut/_btb/W1/L11                 124    2928.3968   
4      core_dut/_btb/W0/L18                 124    2928.3968   
4      core_dut/_btb/W0/L28                 124    2928.3968   
4      core_dut/_btb/W3/L16                 123    2917.4208   
4      core_dut/_btb/W0/L14                 125    2939.3728   
4      core_dut/_btb/W1/L12                 123    2917.4208   
4      core_dut/_btb/W2/L5                  123    2917.4208   
4      core_dut/_btb/W1/L1                  124    2928.3968   
4      core_dut/_btb/W3/L5                  123    2917.4208   
4      core_dut/_btb/W2/L1                  123    2917.4208   
4      core_dut/_btb/W2/L12                 124    2928.3968   
4      core_dut/_btb/W2/L22                 123    2917.4208   
4      core_dut/_btb/W1/L29                 123    2917.4208   
4      core_dut/_btb/W1/L18                 124    2928.3968   
4      core_dut/_btb/W3/L22                 124    2928.3968   
4      core_dut/_btb/W0/L15                 126    2950.3488   
4      core_dut/_btb/W3/L10                 123    2917.4208   
4      core_dut/_btb/W3/L27                 123    2917.4208   
4      core_dut/_btb/W1/L19                 123    2917.4208   
4      core_dut/_btb/W0/L5                  124    2928.3968   
4      core_dut/_btb/W2/L3                  124    2928.3968   
4      core_dut/_btb/W3/L24                 123    2917.4208   
4      core_dut/_btb/W2/L13                 124    2928.3968   
4      core_dut/_btb/W1/L20                 123    2917.4208   
4      core_dut/_btb/W1/L9                  123    2917.4208   
4      core_dut/_btb/W3/L13                 123    2917.4208   
4      core_dut/_btb/W1/L30                 123    2917.4208   
4      core_dut/_btb/W2/L9                  123    2917.4208   
4      core_dut/_btb/W0/L26                 125    2939.3728   
4      core_dut/_btb/W2/L30                 124    2928.3968   
4      core_dut/_btb/W0/L2                  125    2939.3728   
4      core_dut/_btb/W1/L26                 123    2917.4208   
4      core_dut/_btb/W0/L23                 124    2928.3968   
4      core_dut/_btb/W3/L18                 123    2917.4208   
4      core_dut/_btb/W2/L10                 124    2928.3968   
4      core_dut/_btb/W1/L6                  124    2928.3968   
4      core_dut/_btb/W3/L15                 123    2917.4208   
4      core_dut/_btb/W0/L13                 128    2972.3008   
4      core_dut/_btb/W1/L0                  123    2917.4208   
4      core_dut/_btb/W3/L4                  124    2928.3968   
4      core_dut/_btb/W2/L0                  124    2928.3968   
4      core_dut/_btb/W2/L11                 123    2917.4208   
4      core_dut/_btb/W2/L21                 125    2939.3728   
4      core_dut/_btb/W1/L28                 123    2917.4208   
4      core_dut/_btb/W1/L17                 123    2917.4208   
4      core_dut/_btb/W3/L21                 124    2928.3968   
4      core_dut/_btb/W0/L3                  126    2950.3488   
4      core_dut/_btb/W2/L17                 124    2928.3968   
4      core_dut/_btb/W3/L1                  123    2917.4208   
4      core_dut/_btb/W3/L26                 123    2917.4208   
4      core_dut/_btb/W2/L18                 123    2917.4208   
4      core_dut/_btb/W1/L14                 125    2939.3728   
4      core_dut/_btb/W2/L7                  124    2928.3968   
4      core_dut/_btb/W0/L0                  123    2917.4208   
4      core_dut/_btb/W0/L4                  124    2928.3968   
4      core_dut/_btb/W0/L31                 124    2928.3968   
4      core_dut/_btb/W3/L23                 124    2928.3968   
4      core_dut/_btb/W3/L2                  123    2917.4208   
4      core_dut/_btb/W0/L21                 124    2928.3968   
4      core_dut/_btb/W1/L8                  124    2928.3968   
4      core_dut/_btb/W3/L12                 123    2917.4208   
4      core_dut/_btb/W2/L19                 123    2917.4208   
4      core_dut/_btb/W2/L8                  123    2917.4208   
4      core_dut/_btb/W0/L25                 123    2917.4208   
4      core_dut/_btb/W2/L29                 123    2917.4208   
4      core_dut/_btb/W0/L1                  125    2939.3728   
4      core_dut/_btb/W1/L4                  123    2917.4208   
4      core_dut/_btb/W1/L25                 123    2917.4208   
4      core_dut/_btb/W3/L29                 123    2917.4208   
4      core_dut/_btb/W0/L22                 124    2928.3968   
4      core_dut/_btb/W0/L11                 127    2961.3248   
4      core_dut/_btb/W3/L9                  124    2928.3968   
4      core_dut/_btb/W1/L5                  123    2917.4208   
4      core_dut/_btb/W3/L30                 123    2917.4208   
4      core_dut/_btb/W2/L26                 124    2928.3968   
4      core_dut/_btb/W1/L15                 123    2917.4208   
4      core_dut/_btb/W2/L15                 123    2917.4208   
4      core_dut/_btb/W1/L22                 124    2928.3968   
4      core_dut/_btb/W0/L8                  124    2928.3968   
4      core_dut/_btb/W0/L12                 124    2928.3968   
4      core_dut/_btb/W3/L3                  123    2917.4208   
4      core_dut/_btb/W3/L31                 124    2928.3968   
4      core_dut/_btb/W2/L20                 124    2928.3968   
4      core_dut/_btb/W1/L27                 123    2917.4208   
4      core_dut/_btb/W1/L16                 125    2939.3728   
4      core_dut/_btb/W3/L20                 125    2939.3728   
4      core_dut/_btb/W2/L27                 124    2928.3968   
4      core_dut/_btb/W2/L16                 123    2917.4208   
4      core_dut/_btb/W0/L9                  123    2917.4208   
4      core_dut/_btb/W3/L0                  123    2917.4208   
4      core_dut/_btb/W0/L19                 124    2928.3968   
4      core_dut/_btb/W0/L29                 124    2928.3968   
4      core_dut/_btb/W3/L17                 123    2917.4208   
4      core_dut/_btb/W1/L13                 123    2917.4208   
4      core_dut/_btb/W2/L6                  124    2928.3968   
4      core_dut/_btb/W1/L2                  126    2950.3488   
4      core_dut/_btb/W3/L6                  123    2917.4208   
4      core_dut/_btb/W2/L2                  123    2917.4208   
4      core_dut/_btb/W1/L23                 124    2928.3968   
4      core_dut/_btb/W0/L30                 124    2928.3968   
4      core_dut/_btb/W2/L23                 123    2917.4208   
4      core_dut/_btb/W0/L16                 126    2950.3488   
4      core_dut/_btb/W0/L20                 123    2917.4208   
4      core_dut/_btb/W3/L11                 124    2928.3968   
4      core_dut/_btb/W3/L7                  123    2917.4208   
4      core_dut/_btb/W2/L28                 123    2917.4208   
4      core_dut/_btb/W1/L3                  123    2917.4208   
4      core_dut/_btb/W1/L24                 123    2917.4208   
5      core_dut/_btb/W3/L23/U1              20     300.7424    
5      core_dut/_btb/W0/L21/U1              20     300.7424    
5      core_dut/_btb/W1/L19/U1              20     300.7424    
5      core_dut/_btb/W2/L12/U1              20     300.7424    
5      core_dut/_btb/W1/L8/U1               20     300.7424    
5      core_dut/_btb/W3/L12/U1              20     300.7424    
5      core_dut/_btb/W2/L19/U1              20     300.7424    
5      core_dut/_btb/W2/L8/U1               20     300.7424    
5      core_dut/_btb/W0/L25/U1              20     300.7424    
5      core_dut/_btb/W2/L29/U1              20     300.7424    
5      core_dut/_btb/W0/L1/U1               20     300.7424    
5      core_dut/_btb/W1/L25/U1              20     300.7424    
5      core_dut/_btb/W3/L29/U1              20     300.7424    
5      core_dut/_btb/W0/L22/U1              20     300.7424    
5      core_dut/_btb/W3/L9/U1               20     300.7424    
5      core_dut/_btb/W1/L5/U1               20     300.7424    
5      core_dut/_btb/W3/L30/U1              20     300.7424    
5      core_dut/_btb/W1/L15/U1              20     300.7424    
5      core_dut/_btb/W0/L12/U1              20     300.7424    
5      core_dut/_btb/W3/L3/U1               20     300.7424    
5      core_dut/_btb/W2/L10/U1              20     300.7424    
5      core_dut/_btb/W3/L31/U1              20     300.7424    
5      core_dut/_btb/W2/L20/U1              20     300.7424    
5      core_dut/_btb/W1/L27/U1              20     300.7424    
5      core_dut/_btb/W1/L16/U1              20     300.7424    
5      core_dut/_btb/W3/L20/U1              20     300.7424    
5      core_dut/_btb/W0/L2/U1               20     300.7424    
5      core_dut/_btb/W2/L16/U1              20     300.7424    
5      core_dut/_btb/W0/L9/U1               20     300.7424    
5      core_dut/_btb/W3/L0/U1               20     300.7424    
5      core_dut/_btb/W2/L17/U1              20     300.7424    
5      core_dut/_btb/W3/L17/U1              20     300.7424    
5      core_dut/_btb/W1/L13/U1              20     300.7424    
5      core_dut/_btb/W2/L6/U1               20     300.7424    
5      core_dut/_btb/W1/L2/U1               20     300.7424    
5      core_dut/_btb/W3/L6/U1               20     300.7424    
5      core_dut/_btb/W1/L23/U1              20     300.7424    
5      core_dut/_btb/W0/L3/U1               20     300.7424    
5      core_dut/_btb/W0/L30/U1              20     300.7424    
5      core_dut/_btb/W0/L20/U1              20     300.7424    
5      core_dut/_btb/W3/L11/U1              20     300.7424    
5      core_dut/_btb/W2/L18/U1              20     300.7424    
5      core_dut/_btb/W2/L7/U1               20     300.7424    
5      core_dut/_btb/W2/L28/U1              20     300.7424    
5      core_dut/_btb/W0/L0/U1               20     300.7424    
5      core_dut/_btb/W1/L3/U1               20     300.7424    
5      core_dut/_btb/W1/L24/U1              20     300.7424    
5      core_dut/_btb/W3/L28/U1              20     300.7424    
5      core_dut/_btb/W0/L10/U1              20     300.7424    
5      core_dut/_btb/W2/L24/U1              20     300.7424    
5      core_dut/_btb/W3/L8/U1               20     300.7424    
5      core_dut/_btb/W0/L6/U1               20     300.7424    
5      core_dut/_btb/W1/L4/U1               20     300.7424    
5      core_dut/_btb/W2/L4/U1               21     311.7184    
5      core_dut/_btb/W2/L25/U1              20     300.7424    
5      core_dut/_btb/W2/L14/U1              20     300.7424    
5      core_dut/_btb/W1/L21/U1              20     300.7424    
5      core_dut/_btb/W1/L10/U1              20     300.7424    
5      core_dut/_btb/W3/L14/U1              20     300.7424    
5      core_dut/_btb/W0/L7/U1               20     300.7424    
5      core_dut/_btb/W1/L31/U1              20     300.7424    
5      core_dut/_btb/W0/L11/U1              20     300.7424    
5      core_dut/_btb/W3/L2/U1               20     300.7424    
5      core_dut/_btb/W3/L19/U1              20     300.7424    
5      core_dut/_btb/W2/L26/U1              21     311.7184    
5      core_dut/_btb/W2/L15/U1              20     300.7424    
5      core_dut/_btb/W0/L8/U1               20     300.7424    
5      core_dut/_btb/W1/L11/U1              20     300.7424    
5      core_dut/_btb/W0/L18/U1              20     300.7424    
5      core_dut/_btb/W0/L28/U1              20     300.7424    
5      core_dut/_btb/W3/L16/U1              20     300.7424    
5      core_dut/_btb/W1/L12/U1              20     300.7424    
5      core_dut/_btb/W2/L5/U1               20     300.7424    
5      core_dut/_btb/W1/L1/U1               20     300.7424    
5      core_dut/_btb/W3/L5/U1               20     300.7424    
5      core_dut/_btb/W2/L1/U1               20     300.7424    
5      core_dut/_btb/W1/L22/U1              20     300.7424    
5      core_dut/_btb/W0/L29/U1              20     300.7424    
5      core_dut/_btb/W2/L22/U1              20     300.7424    
5      core_dut/_btb/W1/L29/U1              20     300.7424    
5      core_dut/_btb/W1/L18/U1              20     300.7424    
5      core_dut/_btb/W0/L15/U1              20     300.7424    
5      core_dut/_btb/W0/L19/U1              20     300.7424    
5      core_dut/_btb/W3/L10/U1              20     300.7424    
5      core_dut/_btb/W2/L27/U1              20     300.7424    
5      core_dut/_btb/W3/L27/U1              20     300.7424    
5      core_dut/_btb/W2/L23/U1              20     300.7424    
5      core_dut/_btb/W0/L16/U1              20     300.7424    
5      core_dut/_btb/W3/L7/U1               20     300.7424    
5      core_dut/_btb/W0/L5/U1               20     300.7424    
5      core_dut/_btb/W2/L3/U1               20     300.7424    
5      core_dut/_btb/W3/L24/U1              20     300.7424    
5      core_dut/_btb/W2/L13/U1              20     300.7424    
5      core_dut/_btb/W1/L20/U1              20     300.7424    
5      core_dut/_btb/W1/L9/U1               20     300.7424    
5      core_dut/_btb/W3/L13/U1              20     300.7424    
5      core_dut/_btb/W1/L30/U1              20     300.7424    
5      core_dut/_btb/W2/L9/U1               20     300.7424    
5      core_dut/_btb/W0/L26/U1              20     300.7424    
5      core_dut/_btb/W2/L30/U1              20     300.7424    
5      core_dut/_btb/W1/L26/U1              20     300.7424    
5      core_dut/_btb/W0/L23/U1              20     300.7424    
5      core_dut/_btb/W3/L18/U1              20     300.7424    
5      core_dut/_btb/W1/L6/U1               20     300.7424    
5      core_dut/_btb/W0/L17/U1              20     300.7424    
5      core_dut/_btb/W2/L31/U1              20     300.7424    
5      core_dut/_btb/W0/L27/U1              20     300.7424    
5      core_dut/_btb/W0/L24/U1              20     300.7424    
5      core_dut/_btb/W3/L15/U1              20     300.7424    
5      core_dut/_btb/W0/L13/U1              20     300.7424    
5      core_dut/_btb/W1/L0/U1               20     300.7424    
5      core_dut/_btb/W3/L25/U1              20     300.7424    
5      core_dut/_btb/W3/L4/U1               20     300.7424    
5      core_dut/_btb/W2/L0/U1               20     300.7424    
5      core_dut/_btb/W2/L11/U1              20     300.7424    
5      core_dut/_btb/W2/L21/U1              20     300.7424    
5      core_dut/_btb/W1/L28/U1              20     300.7424    
5      core_dut/_btb/W1/L17/U1              20     300.7424    
5      core_dut/_btb/W3/L21/U1              20     300.7424    
5      core_dut/_btb/W0/L14/U1              20     300.7424    
5      core_dut/_btb/W3/L1/U1               20     300.7424    
5      core_dut/_btb/W3/L22/U1              20     300.7424    
5      core_dut/_btb/W3/L26/U1              20     300.7424    
5      core_dut/_btb/W1/L7/U1               20     300.7424    
5      core_dut/_btb/W1/L14/U1              20     300.7424    
5      core_dut/_btb/W0/L4/U1               20     300.7424    
5      core_dut/_btb/W0/L31/U1              20     300.7424    
5      core_dut/_btb/W2/L2/U1               20     300.7424    
